// Jest Snapshot v1, https://goo.gl/fbAQLP

exports[`BaseDialog.vue should have a match snapshot 1`] = `
<div role="dialog" class="v-dialog__container" data-testid="dialog-state-element">
  <!---->
</div>
`;
