// Jest Snapshot v1, https://goo.gl/fbAQLP

exports[`GetStarted.vue should have a match snapshot 1`] = `
<div style="background-color: rgb(231, 240, 255); box-shadow: inset 0 4px 4px 0 rgba(0, 0, 0, 0.1);">
  <base-dialog message="" title=""></base-dialog>
  <div class="container">
    <div class="row">
      <div class="col-sm-12 col-md-12 col-xl-12 col-12">
        <h3 id="welcome">
          Welcome to the largest, trusted property platform in <br>
          Uganda
        </h3>
        <p id="reach">
          Reach a million potential customers for your business or property.
        </p>
      </div>
    </div>
    <hr role="separator" aria-orientation="horizontal" class="v-divider theme--light" style="margin-top: 20px;">
  </div>
  <div class="container">
    <div role="dialog" class="v-dialog__container">
      <!---->
    </div>
    <div class="row">
      <div class="col-sm-12 col-md-4 col-xl-4 col-12">
        <div class="mx-auto v-card v-sheet theme--light">
          <div class="v-image v-responsive white--text align-end theme--light" style="height: 200px;">
            <transition-stub name="fade-transition" mode="in-out">
              <div class="v-image__image v-image__image--preload v-image__image--cover" style="background-position: center center;"></div>
            </transition-stub>
            <div class="v-responsive__content"></div>
          </div><br>
          <h3 style="text-align: center;">I'm a broker</h3>
          <div style="text-align: center;"><button type="button" class="v-btn v-btn--is-elevated v-btn--has-bg theme--light v-size--default primary"><span class="v-btn__content">Get started</span></button> <br><br></div>
        </div>
      </div>
      <div class="col-sm-12 col-md-4 col-xl-4 col-12">
        <div class="mx-auto v-card v-sheet theme--light">
          <div class="v-image v-responsive white--text align-end theme--light" style="height: 200px;">
            <transition-stub name="fade-transition" mode="in-out">
              <div class="v-image__image v-image__image--preload v-image__image--cover" style="background-position: center center;"></div>
            </transition-stub>
            <div class="v-responsive__content"></div>
          </div> <br>
          <h3 style="text-align: center;">I'm a Landloard</h3>
          <div style="text-align: center;"><button type="button" class="v-btn v-btn--is-elevated v-btn--has-bg theme--light v-size--default primary"><span class="v-btn__content">Get started</span></button> <br><br></div>
        </div>
      </div>
      <div class="col-sm-12 col-md-4 col-xl-4 col-12">
        <div class="v-card v-sheet theme--light">
          <div class="v-image v-responsive white--text align-end theme--light" style="height: 200px;">
            <transition-stub name="fade-transition" mode="in-out">
              <div class="v-image__image v-image__image--preload v-image__image--cover" style="background-position: center center;"></div>
            </transition-stub>
            <div class="v-responsive__content"></div>
          </div> <br>
          <h3 style="text-align: center;">I'm a Mortgage Lender</h3>
          <div style="text-align: center;"><button type="button" disabled="disabled" class="v-btn v-btn--disabled v-btn--has-bg theme--light v-size--default"><span class="v-btn__content">Coming Soon</span></button> <br><br></div>
        </div>
      </div>
    </div>
    <div class="row">
      <div class="col-sm-12 col-md-4 col-xl-4 col-12">
        <div class="mx-auto v-card v-sheet theme--light">
          <div class="v-image v-responsive white--text align-end theme--light" style="height: 200px;">
            <transition-stub name="fade-transition" mode="in-out">
              <div class="v-image__image v-image__image--preload v-image__image--cover" style="background-position: center center;"></div>
            </transition-stub>
            <div class="v-responsive__content"></div>
          </div><br>
          <h3 style="text-align: center;">I'm a Photographer</h3>
          <div style="text-align: center;"><button type="button" disabled="disabled" class="v-btn v-btn--disabled v-btn--has-bg theme--light v-size--default"><span class="v-btn__content">Coming Soon</span></button> <br><br></div>
        </div>
      </div>
      <div class="col-sm-12 col-md-4 col-xl-4 col-12">
        <div class="mx-auto v-card v-sheet theme--light">
          <div class="v-image v-responsive white--text align-end theme--light" style="height: 200px;">
            <transition-stub name="fade-transition" mode="in-out">
              <div class="v-image__image v-image__image--preload v-image__image--cover" style="background-position: center center;"></div>
            </transition-stub>
            <div class="v-responsive__content"></div>
          </div> <br>
          <h3 style="text-align: center;">I'm a builder</h3>
          <div style="text-align: center;"><button type="button" disabled="disabled" class="v-btn v-btn--disabled v-btn--has-bg theme--light v-size--default"><span class="v-btn__content">Coming Soon</span></button> <br><br></div>
        </div>
      </div>
      <div class="col-sm-12 col-md-4 col-xl-4 col-12">
        <div class="v-card v-sheet theme--light">
          <div class="v-image v-responsive white--text align-end theme--light" style="height: 200px;">
            <transition-stub name="fade-transition" mode="in-out">
              <div class="v-image__image v-image__image--preload v-image__image--cover" style="background-position: center center;"></div>
            </transition-stub>
            <div class="v-responsive__content"></div>
          </div> <br>
          <h3 style="text-align: center;">
            I'm a Professional Service provider
          </h3>
          <div style="text-align: center;"><a href="#/vendorprofile" class="" style="text-decoration: none;"><button type="button" class="v-btn v-btn--is-elevated v-btn--has-bg theme--light v-size--default primary"><span class="v-btn__content">Get started</span></button></a> <br><br></div>
        </div>
      </div>
    </div>
  </div>
</div>
`;
