// Jest Snapshot v1, https://goo.gl/fbAQLP

exports[`Mortgage.vue should have a match snapshot 1`] = `
<div>
  <div class="container container--fluid" id="container">
    <div class="v-window v-item-group theme--dark v-window--show-arrows-on-hover v-carousel v-carousel--hide-delimiter-background" style="height: 500px;">
      <div class="v-window__container">
        <transition-stub name="">
          <div class="v-window-item">
            <div class="v-image v-responsive v-carousel__item theme--light" style="height: 500px;">
              <transition-stub name="fade-transition" mode="in-out">
                <div class="v-image__image v-image__image--preload v-image__image--cover" style="background-position: center center;"></div>
              </transition-stub>
              <div class="v-responsive__content">
                <div class="row fill-height align-center justify-center">
                  <div class="text-h4">
                    <p id="intro">Financing your next home starts here.</p>
                    <p id="intro2">Directly to us, through an agent, or yourself</p>
                  </div>
                </div>
              </div>
            </div>
          </div>
        </transition-stub>
        <transition-stub name="">
          <!---->
        </transition-stub>
        <transition-stub name="">
          <!---->
        </transition-stub>
        <div class="v-window__prev"><button type="button" class="v-btn v-btn--icon v-btn--round theme--dark v-size--default" aria-label="Previous visual"><span class="v-btn__content"><i aria-hidden="true" class="v-icon notranslate mdi mdi-chevron-left theme--dark" style="font-size: 36px;"></i></span></button></div>
        <div class="v-window__next"><button type="button" class="v-btn v-btn--icon v-btn--round theme--dark v-size--default" aria-label="Next visual"><span class="v-btn__content"><i aria-hidden="true" class="v-icon notranslate mdi mdi-chevron-right theme--dark" style="font-size: 36px;"></i></span></button></div>
      </div>
      <div class="v-carousel__controls">
        <div class="v-item-group theme--dark"></div>
      </div>
    </div>
  </div> <br>
  <div style="text-align: center; margin-top: 15px;">
    <h3><span style="color: rgb(59, 110, 243);"> HOW </span>IT WORKS</h3>
  </div>
  <div class="container">
    <div class="row">
      <div class="col"></div>
      <div class="col-md-5 col-12" style="background-color: rgb(242, 242, 242);">
        <div>
          <div class="v-card__title">Stanbic Bank</div>
          <div class="v-card__subtitle">
            It can be possible to start constructing your rentals or dream home with House Construction financing today
          </div>
          <div class="v-card__subtitle loan-heading">MAXIMUM LOAN AMOUNT</div>
          <div class="v-card__subtitle loan-subheading">UGX 1 Billion</div>
          <div class="v-card__title loan-heading">MINIMUM AMOUNT AVAILABLE</div>
          <div class="v-card__subtitle loan-subheading">UGX 30 Million</div>
        </div>
      </div>
      <div class="col-md-5 col-12">
        <div class="mx-auto v-card v-sheet theme--light" style="max-width: auto;">
          <div class="v-image v-responsive theme--light" style="height: 250px;">
            <transition-stub name="fade-transition" mode="in-out">
              <div class="v-image__image v-image__image--preload v-image__image--cover" style="background-position: center center;"></div>
            </transition-stub>
            <div class="v-responsive__content"></div>
          </div>
          <div class="v-card__title text-h5" style="text-align: center; color: blue;">
            House Construction Loan
          </div>
        </div>
      </div>
      <div class="col"></div>
    </div><br><br>
    <div class="row">
      <div class="col"></div>
      <div class="col-md-5 col-12">
        <div class="v-card v-sheet theme--light" style="max-width: auto;">
          <div class="v-image v-responsive theme--light" style="height: 250px;">
            <transition-stub name="fade-transition" mode="in-out">
              <div class="v-image__image v-image__image--preload v-image__image--cover" style="background-position: center center;"></div>
            </transition-stub>
            <div class="v-responsive__content"></div>
          </div>
          <div class="v-card__title text-h5" style="text-align: center; color: blue;">
            House Purchase Loan
          </div>
        </div>
      </div>
      <div class="col-md-5 col-12" style="background-color: rgb(242, 242, 242);">
        <div>
          <div class="v-card__title">Stanbic Bank</div>
          <div class="v-card__subtitle">
            Are you are looking to buy a house or flat? Buy an existing house, condominium or apartment with this great mortgage solution. It can be possible to be a home owner at the best rates on the market. Get your property with reputable developers, with affordable insurance from our trusted partners.

          </div>
          <div class="v-card__subtitle loan-heading">MAXIMUM LOAN AMOUNT</div>
          <div class="v-card__subtitle loan-subheading">UGX 1 Billion</div>
          <div class="v-card__title loan-heading">MINIMUM AMOUNT AVAILABLE</div>
          <div class="v-card__subtitle loan-subheading">UGX 30 Million</div>
        </div>
      </div>
      <div class="col"></div>
    </div><br><br>
    <div class="row"><br>
      <div class="col"></div>
      <div class="col-md-5 col-12" style="background-color: rgb(242, 242, 242);">
        <div>
          <div class="v-card__title">Stanbic Bank</div>
          <div class="v-card__subtitle">
            Do you need to complete your dream home? It Can Be possible to meet your goal.
          </div>
          <div class="v-card__subtitle loan-heading">MAXIMUM LOAN AMOUNT</div>
          <div class="v-card__subtitle loan-subheading">UGX 1 Billion</div>
          <div class="v-card__title loan-heading">MINIMUM AMOUNT AVAILABLE</div>
          <div class="v-card__subtitle loan-subheading">UGX 30 Million</div>
        </div>
      </div>
      <div class="col-md-5 col-12">
        <div class="v-card v-sheet theme--light" style="max-width: auto;">
          <div class="v-image v-responsive theme--light" style="height: 250px;">
            <transition-stub name="fade-transition" mode="in-out">
              <div class="v-image__image v-image__image--preload v-image__image--cover" style="background-position: center center;"></div>
            </transition-stub>
            <div class="v-responsive__content"></div>
          </div>
          <div class="v-card__title text-h5" style="text-align: center; color: blue;">
            House Completion Loan
          </div>
        </div>
      </div>
      <div class="col"></div>
    </div>
  </div>
</div>
`;
