// Jest Snapshot v1, https://goo.gl/fbAQLP

exports[`ServiceProviderRegistration.vue should have a match snapshot 1`] = `
<div>
  <base-dialog message="" title=""></base-dialog>
  <div class="container">
    <div class="row">
      <div class="col-sm-12 col-md-12 col-xl-12 col-12">
        <h3 style="text-align: center; margin-top: 20px;">
          Your profile service provider
        </h3>
        <form novalidate="novalidate" id="form" class="v-form" style="background-color: rgb(231, 240, 255);">
          <div class="container">
            <div class="row">
              <div class="col-sm-12 col-md-12 col-12">
                <p>Full name</p>
                <div class="v-input theme--light v-text-field v-text-field--single-line v-text-field--solo v-text-field--enclosed v-text-field--placeholder">
                  <div class="v-input__control">
                    <div class="v-input__slot">
                      <div class="v-text-field__slot"><label for="input-5" class="v-label theme--light" style="left: 0px; position: absolute;">Full name</label><input id="input-5" type="text"></div>
                    </div>
                    <div class="v-text-field__details">
                      <div class="v-messages theme--light">
                        <transition-group-stub tag="div" name="message-transition" class="v-messages__wrapper"></transition-group-stub>
                      </div>
                    </div>
                  </div>
                </div>
              </div>
            </div>
            <div class="row">
              <div class="col-sm-12 col-md-12 col-12">
                <p>Telephone:</p>
                <div class="v-input theme--light v-text-field v-text-field--single-line v-text-field--solo v-text-field--enclosed v-text-field--placeholder">
                  <div class="v-input__control">
                    <div class="v-input__slot">
                      <div class="v-text-field__slot"><label for="input-8" class="v-label theme--light" style="left: 0px; position: absolute;">Telephone</label><input id="input-8" type="text"></div>
                    </div>
                    <div class="v-text-field__details">
                      <div class="v-messages theme--light">
                        <transition-group-stub tag="div" name="message-transition" class="v-messages__wrapper"></transition-group-stub>
                      </div>
                    </div>
                  </div>
                </div>
              </div>
            </div>
            <div class="row">
              <div class="col-sm-12 col-md-12 col-12">
                <div class="v-input theme--light v-text-field v-text-field--single-line v-text-field--solo v-text-field--enclosed v-select">
                  <div class="v-input__control">
                    <div role="button" aria-haspopup="listbox" aria-expanded="false" aria-owns="list-11" class="v-input__slot">
                      <div class="v-select__slot"><label for="input-11" class="v-label theme--light" style="left: 0px; position: absolute;">Select Category</label>
                        <div class="v-select__selections"><input id="input-11" readonly="readonly" type="text" aria-readonly="false" autocomplete="off"></div>
                        <div class="v-input__append-inner">
                          <div class="v-input__icon v-input__icon--append"><i aria-hidden="true" class="v-icon notranslate mdi mdi-menu-down theme--light"></i></div>
                        </div><input type="hidden">
                      </div>
                      <div class="v-menu">
                        <!---->
                      </div>
                    </div>
                    <div class="v-text-field__details">
                      <div class="v-messages theme--light">
                        <transition-group-stub tag="div" name="message-transition" class="v-messages__wrapper"></transition-group-stub>
                      </div>
                    </div>
                  </div>
                </div>
              </div>
            </div>
            <div class="row">
              <div class="col-sm-12 col-md-12 col-12">
                <p>Email</p>
                <div class="v-input v-input--is-readonly theme--light v-text-field v-text-field--single-line v-text-field--solo v-text-field--enclosed v-text-field--placeholder">
                  <div class="v-input__control">
                    <div class="v-input__slot">
                      <div class="v-text-field__slot"><label for="input-16" class="v-label theme--light" style="left: 0px; position: absolute;">Email </label><input id="input-16" readonly="readonly" type="text"></div>
                    </div>
                    <div class="v-text-field__details">
                      <div class="v-messages theme--light">
                        <transition-group-stub tag="div" name="message-transition" class="v-messages__wrapper"></transition-group-stub>
                      </div>
                    </div>
                  </div>
                </div>
              </div>
            </div>
            <div class="row">
              <div class="col-sm-12 col-md-12 col-12"><button type="button" class="v-btn v-btn--block v-btn--is-elevated v-btn--has-bg theme--light v-size--default primary"><span class="v-btn__content">Register As Provider</span></button></div>
            </div>
          </div>
        </form>
      </div>
    </div>
  </div>
</div>
`;
